{"userId": 42, "username": "Dan Gittik", "birthday": 699746400, "gender": "MALE"}
